usage: loto hook ref <phase>

Git hook bodies. Not called by hand — each is wired as a chain entry under
.githooks/hooks.d/<hook>/ and reaches git through core.hooksPath (make hooks).

  ref <phase>   reference-transaction body (I1). Reads git's
                "<old> <new> <ref>" lines on stdin and refuses, at the
                'prepared' phase, a protected ref shape issued while two or
                more sessions are live in this checkout:

                  HEAD changing its symbolic target   (branch switch)
                  any update to refs/stash            (stash, stash pop)
                  a branch deletion under refs/heads/

                Everything else passes: a branch tip moving, refs/remotes
                pruning, pack-refs, reflog expiry.

                Override: take the checkout-wide claim.

exit: 0 pass · 1 refused (git aborts the transaction) · 2 usage · 3 fail-open

examples:
  loto hook ref prepared < transaction.txt
