usage: loto msg <to> -t "<text>" [--ttl 168h] [--thread <id>]

Send store-and-forward mail to another agent. Host-global: crosses repos.
The address class sets the message lifetime:

  <handle>   a specific agent (e.g. SunnyPorcupine) — read per-reader; 7d TTL
  @<slug>    whoever NEXT acts in that repo — pinned slug or its directory
             basename both deliver (e.g. @dkoosis-ferret or @ferret). A baton:
             the first reader consumes it for everyone; 30d TTL
  @all       every agent working NOW — invisible to sessions started after the
             send; read per-reader; 7d TTL

Convention: open the text with your bead id, then the ask.
Default TTL 168h direct/@all, 720h repo; --ttl overrides. Unread mail expires
silently.

examples:
  loto msg @loto -t "loto-qhw: does check --gate handle claims?"
  loto msg SunnyPorcupine -t "loto-qhw: ei5 done? I need session release"
