usage: loto submit <file> [<file>...] --bead <id> [-m "<msg>"]

Package your held locks' current edits into a candidate for the git-gate
pipeline: lease check -> lane.Commit -> envelope capture -> admission.

On accept: writes refs/loto/candidates/<id> + refs/loto/proposals/<id>, and
converts each lease into a durable candidate claim. On reject: no candidate
or claim state is written — fix the reported reason and resubmit. Every
attempt, accepted or not, leaves one audit event (see: loto gate stats) and
may record a violation-scan finding (see: loto violations); neither is
candidate/claim state and neither blocks a resubmit. This is the first point
where the whole front half of the gate is observable in one command
(loto-ovno.5).

examples:
  loto submit internal/store/store.go --bead loto-ovno.5
  loto submit a.go b.go --bead loto-abc -m "two-file candidate"
  -bead string
    	bead id this candidate serves (required)
  -m string
    	commit message; defaults to the bead id
  -message string
    	commit message; defaults to the bead id
